#-----------------------------------------------------------
# Vivado v2019.2 (64-bit)
# SW Build 2708876 on Wed Nov  6 21:40:23 MST 2019
# IP Build 2700528 on Thu Nov  7 00:09:20 MST 2019
# Start of session at: Tue Jul  7 10:58:03 2026
# Process ID: 39168
# Current directory: D:/BaiduNetdiskDownload/remote_fpga_template-legacy_la
# Command line: vivado.exe -gui_launcher_event rodinguilauncherevent39840 D:\BaiduNetdiskDownload\remote_fpga_template-legacy_la\thinpad_top.xpr
# Log file: D:/BaiduNetdiskDownload/remote_fpga_template-legacy_la/vivado.log
# Journal file: D:/BaiduNetdiskDownload/remote_fpga_template-legacy_la\vivado.jou
#-----------------------------------------------------------
start_gui
open_project D:/BaiduNetdiskDownload/remote_fpga_template-legacy_la/thinpad_top.xpr
INFO: [Project 1-313] Project file moved from '/root/thinpad_top' since last save.
Scanning sources...
Finished scanning sources
WARNING: [Project 1-509] GeneratedRun file for 'synth_1' not found
WARNING: [Project 1-509] GeneratedRun file for 'pll_example_synth_1' not found
WARNING: [Project 1-509] GeneratedRun file for 'impl_1' not found
WARNING: [filemgmt 56-2] IPUserFilesDir: Could not find the directory 'D:/BaiduNetdiskDownload/remote_fpga_template-legacy_la/thinpad_top.ip_user_files', nor could it be found using path 'D:/root/thinpad_top/thinpad_top.ip_user_files'.
INFO: [IP_Flow 19-234] Refreshing IP repositories
INFO: [IP_Flow 19-1704] No user IP repositories specified
INFO: [IP_Flow 19-2313] Loaded Vivado IP repository 'D:/Xilinx/Vivado/2019.2/data/ip'.
open_project: Time (s): cpu = 00:00:08 ; elapsed = 00:00:06 . Memory (MB): peak = 903.984 ; gain = 235.801
update_compile_order -fileset sources_1
update_compile_order -fileset sim_1
exit
INFO: [Common 17-206] Exiting Vivado at Tue Jul  7 10:58:50 2026...
