#-----------------------------------------------------------
# Vivado v2019.2 (64-bit)
# SW Build 2708876 on Wed Nov  6 21:40:23 MST 2019
# IP Build 2700528 on Thu Nov  7 00:09:20 MST 2019
# Start of session at: Tue Jul  7 11:04:48 2026
# Process ID: 33176
# Current directory: D:/BaiduNetdiskDownload/remote_fpga_template-legacy_la
# Command line: vivado.exe -gui_launcher_event rodinguilauncherevent724 D:\BaiduNetdiskDownload\remote_fpga_template-legacy_la\thinpad_top.xpr
# Log file: D:/BaiduNetdiskDownload/remote_fpga_template-legacy_la/vivado.log
# Journal file: D:/BaiduNetdiskDownload/remote_fpga_template-legacy_la\vivado.jou
#-----------------------------------------------------------
start_gui
open_project D:/BaiduNetdiskDownload/remote_fpga_template-legacy_la/thinpad_top.xpr
Scanning sources...
Finished scanning sources
WARNING: [filemgmt 56-3] IPUserFilesDir: Could not find the directory 'D:/BaiduNetdiskDownload/remote_fpga_template-legacy_la/thinpad_top.ip_user_files'.
INFO: [IP_Flow 19-234] Refreshing IP repositories
INFO: [IP_Flow 19-1704] No user IP repositories specified
INFO: [IP_Flow 19-2313] Loaded Vivado IP repository 'D:/Xilinx/Vivado/2019.2/data/ip'.
open_project: Time (s): cpu = 00:00:07 ; elapsed = 00:00:06 . Memory (MB): peak = 902.047 ; gain = 228.668
update_compile_order -fileset sources_1
exit
INFO: [Common 17-206] Exiting Vivado at Tue Jul  7 11:10:27 2026...
